// Jest Snapshot v1, https://goo.gl/fbAQLP

exports[`<ProductSwitcher /> it renders ProductSwitcher 1`] = `
<div
  className="mfui-beta-product-switcher mfui-beta-product-switcher_theme_tariff-showcase sdfsdf"
>
  <div
    className="mfui-beta-product-switcher__row"
  >
    <div
      className="mfui-beta-product-switcher__item mfui-beta-product-switcher__item_active"
      key="titlevalue"
      onClick={[Function]}
    >
      <div
        className="mfui-beta-product-switcher__label"
      >
        title
      </div>
    </div>
  </div>
  <div
    className="mfui-beta-product-switcher__pointer"
  />
  <div
    className="mfui-beta-product-switcher__color-row"
  />
</div>
`;
