// Jest Snapshot v1, https://goo.gl/fbAQLP

exports[`<MainTariffTileInternet /> it renders MainTariffTileInternet 1`] = `
<div
  className="main-tariff-tile-internet"
>
  <div
    className="main-tariff-tile-internet__inner"
    key="test0"
  >
    <Header
      as="h3"
      className="main-tariff-tile-internet__title"
      color="black"
      margin={false}
    >
      test
    </Header>
    <div
      className="main-tariff-tile-internet__text"
    >
      test
    </div>
    <DropdownSocialList
      icons={
        Array [
          Object {
            "svgIcon": <test-file-stub />,
            "title": "test",
          },
        ]
      }
      maxIconNumber={6}
    />
  </div>
</div>
`;
