// Jest Snapshot v1, https://goo.gl/fbAQLP

exports[`<MainTariffTileFree /> it renders MainTariffTileFree 1`] = `
<div
  className="main-tariff-tile-free"
>
  <Header
    as="h3"
    className="main-tariff-tile-free__title"
    color="black"
    margin={false}
  >
    test
  </Header>
  <ul
    className="main-tariff-tile-free__list"
  >
    <li
      className="main-tariff-tile-free__item main-tariff-tile-free__item_icon"
      key="test"
    >
      <test-file-stub />
      <Header
        as="h5"
        className="main-tariff-tile-free__item-title"
        color="black"
        margin={false}
      >
        test
      </Header>
      <Paragraph
        className="main-tariff-tile-free__item-text"
        color="black"
        marginAll="none"
        sizeAll="small"
        weight="regular"
      >
        test
      </Paragraph>
    </li>
  </ul>
</div>
`;
