// Jest Snapshot v1, https://goo.gl/fbAQLP

exports[`<OldProductCardInfo /> it renders OldProductCardInfo 1`] = `
<div
  className="old-product-card-info"
>
  <div
    className="old-product-card-info__description"
  >
    <Header
      as="h2"
      className="old-product-card-info__description-title"
      color="black"
      margin={false}
    >
      Включайся!
    </Header>
    <div
      className="old-product-card-info__badges"
    >
      <div
        className="old-product-card-info__badge old-product-card-info__badge_type_code"
        key="title0"
      >
        <BubbleHint
          placement="right"
          popupAlign="left"
          popupPadding="normal"
          popupWidth="small"
          trigger={
            <div
              className="old-product-card-info__badge-title"
            >
              title
            </div>
          }
        >
          <div
            dangerouslySetInnerHTML={
              Object {
                "__html": "hint",
              }
            }
          />
        </BubbleHint>
      </div>
      <div
        className="old-product-card-info__badge old-product-card-info__badge_type_code"
        key="title1"
      >
        <div
          className="old-product-card-info__badge-title"
        >
          title
        </div>
      </div>
    </div>
    <div
      className="old-product-card-info__description-wrap"
    >
      <test-file-stub
        className="old-product-card-info__description-icon"
        style={
          Object {
            "height": "40px",
            "width": "40px",
          }
        }
      />
      <div
        className="old-product-card-info__description-text"
        dangerouslySetInnerHTML={
          Object {
            "__html": "Амедиатека",
          }
        }
      />
    </div>
    <TextLink
      className="old-product-card-info__description-more"
      color="blue"
      href="https://www.google.com/"
      onClick={[Function]}
      target="_blank"
      underlineStyle="solid"
      underlineVisibility="hover"
    >
      Подробнее
    </TextLink>
  </div>
  <div
    className="old-product-card-info__params"
  >
    <ul
      className="old-product-card-info__params-list"
    >
      <li
        className="old-product-card-info__params-item"
        key="Звонки на все номера России0"
      >
        <span
          data-amount="300"
        >
          300
        </span>
         
        минут
      </li>
      <li
        className="old-product-card-info__params-item"
        key="SMS на номера Домашнего региона1"
      >
        <span
          data-amount="300"
        >
          300
        </span>
         
        SMS
      </li>
      <li
        className="old-product-card-info__params-item"
        key="На любые сервисы2"
      >
        <span
          data-amount="4"
        >
          4
        </span>
         
        ГБ
      </li>
    </ul>
  </div>
</div>
`;
