// Jest Snapshot v1, https://goo.gl/fbAQLP

exports[`<OldProductCardTotal /> it renders OldProductCardTotal 1`] = `
<div
  className="old-product-card-total"
>
  <div
    className="old-product-card-total__wrap"
  >
    <div
      className="old-product-card-total__cost old-product-card-total__cost_old-value"
    >
      <span
        className="old-product-card-total__price"
      >
        600 ₽
      </span>
       
      <span
        className="old-product-card-total__old-price"
      >
        750 ₽
      </span>
      <br />
      <span
        className="old-product-card-total__unit"
      >
        в месяц
      </span>
    </div>
    <div
      className="old-product-card-total__buttons"
    />
  </div>
</div>
`;
