// Jest Snapshot v1, https://goo.gl/fbAQLP

exports[`<BubbleHint /> it renders BubbleHint 1`] = `
<Manager
  className="mfui-beta-bubble-hint"
  tag="div"
>
  <div
    className="mfui-beta-bubble-hint__container"
    onClick={[Function]}
  >
    <Target
      className="mfui-beta-bubble-hint__target"
    >
      <div
        className="mfui-beta-bubble-hint__trigger"
      />
    </Target>
    <Popper
      className="mfui-beta-bubble-hint__popup mfui-beta-bubble-hint__popup_width_normal"
      component="div"
      eventsEnabled={false}
      modifiers={
        Object {
          "flip": Object {
            "behavior": Array [
              "right",
              "left",
              "bottom",
              "top",
            ],
          },
        }
      }
      placement="top"
      positionFixed={false}
    >
      <div
        className="mfui-beta-bubble-hint__popup-inner mfui-beta-bubble-hint__popup-inner_padding_normal mfui-beta-bubble-hint__popup-inner_align_left"
      >
        <div
          className="mfui-beta-bubble-hint__content"
        />
        <Arrow
          className="mfui-beta-bubble-hint__arrow"
        />
      </div>
    </Popper>
  </div>
</Manager>
`;

exports[`<BubbleHint /> it renders with click 1`] = `
<Manager
  className="mfui-beta-bubble-hint"
  tag="div"
>
  <div
    className="mfui-beta-bubble-hint__container"
    onClick={[Function]}
  >
    <Target
      className="mfui-beta-bubble-hint__target"
    >
      <div
        className="mfui-beta-bubble-hint__trigger"
      />
    </Target>
    <Popper
      className="mfui-beta-bubble-hint__popup mfui-beta-bubble-hint__popup_width_normal"
      component="div"
      eventsEnabled={false}
      modifiers={
        Object {
          "flip": Object {
            "behavior": Array [
              "right",
              "left",
              "bottom",
              "top",
            ],
          },
        }
      }
      placement="top"
      positionFixed={false}
    >
      <div
        className="mfui-beta-bubble-hint__popup-inner mfui-beta-bubble-hint__popup-inner_padding_normal mfui-beta-bubble-hint__popup-inner_align_left"
      >
        <div
          className="mfui-beta-bubble-hint__content"
        />
        <Arrow
          className="mfui-beta-bubble-hint__arrow"
        />
      </div>
    </Popper>
  </div>
</Manager>
`;
