// Jest Snapshot v1, https://goo.gl/fbAQLP

exports[`<ProductTileOptions /> it renders ProductTileOptions 1`] = `
<div
  className="mfui-beta-product-tile-options"
>
  <div
    className="mfui-beta-product-tile-options__wrapper"
  />
</div>
`;

exports[`<ProductTileOptions /> it renders ProductTileOptions with props 1`] = `
<div
  className="mfui-beta-product-tile-options"
>
  <div
    className="mfui-beta-product-tile-options__head"
  >
    head
  </div>
  <div
    className="mfui-beta-product-tile-options__wrapper"
  >
    <div
      className="mfui-beta-product-tile-options__option"
      key="title0"
    >
      <div
        className="mfui-beta-product-tile-options__icon"
      >
        <test-file-stub />
      </div>
      <div
        className="mfui-beta-product-tile-options__content"
      >
        <div
          className="mfui-beta-product-tile-options__title"
          dangerouslySetInnerHTML={
            Object {
              "__html": "title",
            }
          }
        />
        <div
          className="mfui-beta-product-tile-options__footnote"
          key="297d18"
        >
          <div
            className="mfui-beta-product-tile-options__footnote-trigger"
          >
            Подробнее
          </div>
          <Tooltip
            placement="bottom"
            triggerElement={
              Object {
                "current": null,
              }
            }
            triggerEvent="click"
          >
            <div
              className="mfui-beta-product-tile-options__footnote-text"
              dangerouslySetInnerHTML={
                Object {
                  "__html": "footnote",
                }
              }
            />
          </Tooltip>
        </div>
      </div>
    </div>
    <div
      className="mfui-beta-product-tile-options__option"
      key="title11"
    >
      <div
        className="mfui-beta-product-tile-options__content"
      >
        <div
          className="mfui-beta-product-tile-options__title"
          dangerouslySetInnerHTML={
            Object {
              "__html": "title1",
            }
          }
        />
        <div
          className="mfui-beta-product-tile-options__caption"
        >
          caption1
        </div>
      </div>
    </div>
    <div
      className="mfui-beta-product-tile-options__option"
      key="title22"
    >
      <div
        className="mfui-beta-product-tile-options__content"
      >
        <div
          className="mfui-beta-product-tile-options__title"
          dangerouslySetInnerHTML={
            Object {
              "__html": "title2",
            }
          }
        />
        <div
          className="mfui-beta-product-tile-options__caption"
        >
          value2 unit2
        </div>
      </div>
    </div>
    <div
      className="mfui-beta-product-tile-options__option"
      key="title33"
    >
      <div
        className="mfui-beta-product-tile-options__content"
      >
        <div
          className="mfui-beta-product-tile-options__title"
          dangerouslySetInnerHTML={
            Object {
              "__html": "title3",
            }
          }
        />
        <div
          className="mfui-beta-product-tile-options__caption"
        >
          value3 
        </div>
      </div>
    </div>
    <div
      className="mfui-beta-product-tile-options__option"
      key="title44"
    >
      <div
        className="mfui-beta-product-tile-options__content"
      >
        <div
          className="mfui-beta-product-tile-options__title"
          dangerouslySetInnerHTML={
            Object {
              "__html": "title4",
            }
          }
        />
      </div>
    </div>
  </div>
</div>
`;
