// Jest Snapshot v1, https://goo.gl/fbAQLP

exports[`<ProductTileBuy /> it renders ProductTileBuy 1`] = `
<div
  className="mfui-beta-product-tile-buy sdfsdf"
>
  <Button
    classes={
      Object {
        "root": "mfui-beta-product-tile-buy__button",
      }
    }
    sizeAll="medium"
    target="_self"
  >
    Купить
  </Button>
  <TextLink
    className="mfui-beta-product-tile-buy__detail-link"
    color="blue"
    target="_self"
    underlineStyle="solid"
    underlineVisibility="hover"
  >
    Перейти на тариф
  </TextLink>
</div>
`;
