// Jest Snapshot v1, https://goo.gl/fbAQLP

exports[`<ProductTileStatic /> it renders ProductTileStatic 1`] = `
<div
  className="mfui-beta-product-tile-static"
>
  <div
    className="mfui-beta-product-tile-static__constructor-pack"
    key="title2342unit"
  >
    2342 unit
  </div>
</div>
`;
