// Jest Snapshot v1, https://goo.gl/fbAQLP

exports[`<ListItem /> it renders ListItem 1`] = `
<li
  className="mfui-beta-list-item"
>
  item
</li>
`;
