// Jest Snapshot v1, https://goo.gl/fbAQLP

exports[`<Select /> it renders with disabled state 1`] = `
<div
  className="mfui-select mfui-select_disabled mfui-select_no-touch"
>
  <div
    className="mfui-select__inner"
  >
    <div
      className="mfui-select__control"
      onKeyDown={[Function]}
    >
      <div
        className="mfui-select__title"
        onClick={[Function]}
        tabIndex={0}
      >
        <div
          className="mfui-select__title-inner"
        />
      </div>
      <div
        className="mfui-select__arrow-wrap"
        onClick={[Function]}
        tabIndex={1}
      >
        <span
          className="mfui-select__arrow"
        />
      </div>
    </div>
    <div
      className="mfui-select__list"
    >
      <div
        className="mfui-select__list-inner"
      >
        <div
          className="mfui-select__not-found"
        >
          Ничего не нашлось
        </div>
      </div>
    </div>
  </div>
</div>
`;
