// Jest Snapshot v1, https://goo.gl/fbAQLP

exports[`<ProductCardFeaturesBottom /> it renders ProductCardFeaturesBottom 1`] = `
<div
  className="mfui-beta-product-card-features-bottom"
>
  <Header
    as="h3"
    className="mfui-beta-product-card-features-bottom__title"
    color="black"
    hAlign="inherit"
    margin={false}
  >
    test
  </Header>
  <ul
    className="mfui-beta-product-card-features-bottom__list"
  >
    <li
      className="mfui-beta-product-card-features-bottom__item mfui-beta-product-card-features-bottom__item_icon"
      key="test"
    >
      <test-file-stub
        className="mfui-beta-product-card-features-bottom__item-icon"
      />
      <Header
        as="h5"
        className="mfui-beta-product-card-features-bottom__item-title"
        color="black"
        hAlign="inherit"
        margin={false}
      >
        test
      </Header>
      <Paragraph
        className="mfui-beta-product-card-features-bottom__item-text"
        hasMargin={false}
        size="small"
      >
        test
      </Paragraph>
    </li>
  </ul>
</div>
`;
