// Jest Snapshot v1, https://goo.gl/fbAQLP

exports[`<BenefitsPictures /> render with center horizontal align 1`] = `
<div
  className="benefits-pictures"
>
  <Grid
    guttersLeft="large"
    hAlign="center"
    multiRow={true}
  >
    <GridColumn
      all="12"
      desktop="4"
      flex={false}
      grow={false}
      key="0"
      orderAll="0"
      orderDesktop="0"
      orderMobile="0"
      orderTablet="0"
      orderWide="0"
      tablet="5"
      wide="4"
    >
      <div
        className="benefits-pictures__item"
      >
        <img
          alt=""
          className="benefits-pictures__img benefits-pictures__img_h-align_center"
          src="test-file-stub"
        />
        <Header
          as="h3"
          className="benefits-pictures__title"
          color="black"
          hAlign="center"
        >
          Lorem ipsum
        </Header>
        <Paragraph
          align="center"
        >
          Lorem ipsum, dolor sit amet consectetur adipisicing elit. Lorem ipsum, dolor sit amet consectetur adipisicing elit
        </Paragraph>
      </div>
    </GridColumn>
    <GridColumn
      all="12"
      desktop="4"
      flex={false}
      grow={false}
      key="1"
      orderAll="0"
      orderDesktop="0"
      orderMobile="0"
      orderTablet="0"
      orderWide="0"
      tablet="5"
      wide="4"
    >
      <div
        className="benefits-pictures__item"
      >
        <img
          alt=""
          className="benefits-pictures__img benefits-pictures__img_h-align_center"
          src="test-file-stub"
        />
        <Header
          as="h3"
          className="benefits-pictures__title"
          color="black"
          hAlign="center"
        >
          Lorem ipsum
        </Header>
        <Paragraph
          align="center"
        >
          Lorem ipsum, dolor sit amet consectetur adipisicing elit. Lorem ipsum, dolor sit amet consectetur adipisicing elit
        </Paragraph>
      </div>
    </GridColumn>
  </Grid>
</div>
`;

exports[`<BenefitsPictures /> render with center horizontal align 2`] = `
<div
  className="benefits-pictures"
>
  <Grid
    guttersLeft="large"
    hAlign="left"
    multiRow={true}
  >
    <GridColumn
      all="12"
      desktop="4"
      flex={false}
      grow={false}
      key="0"
      leftOffsetTablet="1"
      orderAll="0"
      orderDesktop="0"
      orderMobile="0"
      orderTablet="0"
      orderWide="0"
      tablet="5"
      wide="4"
    >
      <div
        className="benefits-pictures__item"
      >
        <img
          alt=""
          className="benefits-pictures__img benefits-pictures__img_h-align_center"
          src="test-file-stub"
        />
        <Header
          as="h3"
          className="benefits-pictures__title"
          color="black"
          hAlign="center"
        >
          Lorem ipsum
        </Header>
        <Paragraph
          align="center"
        >
          Lorem ipsum, dolor sit amet consectetur adipisicing elit. Lorem ipsum, dolor sit amet consectetur adipisicing elit
        </Paragraph>
      </div>
    </GridColumn>
    <GridColumn
      all="12"
      desktop="4"
      flex={false}
      grow={false}
      key="1"
      orderAll="0"
      orderDesktop="0"
      orderMobile="0"
      orderTablet="0"
      orderWide="0"
      tablet="5"
      wide="4"
    >
      <div
        className="benefits-pictures__item"
      >
        <img
          alt=""
          className="benefits-pictures__img benefits-pictures__img_h-align_center"
          src="test-file-stub"
        />
        <Header
          as="h3"
          className="benefits-pictures__title"
          color="black"
          hAlign="center"
        >
          Lorem ipsum
        </Header>
        <Paragraph
          align="center"
        >
          Lorem ipsum, dolor sit amet consectetur adipisicing elit. Lorem ipsum, dolor sit amet consectetur adipisicing elit
        </Paragraph>
      </div>
    </GridColumn>
    <GridColumn
      all="12"
      desktop="4"
      flex={false}
      grow={false}
      key="2"
      leftOffsetTablet="1"
      orderAll="0"
      orderDesktop="0"
      orderMobile="0"
      orderTablet="0"
      orderWide="0"
      tablet="5"
      wide="4"
    >
      <div
        className="benefits-pictures__item"
      >
        <img
          alt=""
          className="benefits-pictures__img benefits-pictures__img_h-align_center"
          src="test-file-stub"
        />
        <Header
          as="h3"
          className="benefits-pictures__title"
          color="black"
          hAlign="center"
        >
          Lorem ipsum
        </Header>
        <Paragraph
          align="center"
        >
          Lorem ipsum, dolor sit amet consectetur adipisicing elit. Lorem ipsum, dolor sit amet consectetur adipisicing elit
        </Paragraph>
      </div>
    </GridColumn>
  </Grid>
</div>
`;

exports[`<BenefitsPictures /> render with center horizontal align 3`] = `
<div
  className="benefits-pictures"
>
  <Grid
    guttersLeft="large"
    hAlign="center"
    multiRow={true}
  >
    <GridColumn
      all="12"
      desktop="4"
      flex={false}
      grow={false}
      key="0"
      leftOffsetDesktop="1"
      leftOffsetTablet="1"
      leftOffsetWide="1"
      orderAll="0"
      orderDesktop="0"
      orderMobile="0"
      orderTablet="0"
      orderWide="0"
      tablet="5"
      wide="4"
    >
      <div
        className="benefits-pictures__item"
      >
        <img
          alt=""
          className="benefits-pictures__img benefits-pictures__img_h-align_center"
          src="test-file-stub"
        />
        <Header
          as="h3"
          className="benefits-pictures__title"
          color="black"
          hAlign="center"
        >
          Lorem ipsum
        </Header>
        <Paragraph
          align="center"
        >
          Lorem ipsum, dolor sit amet consectetur adipisicing elit. Lorem ipsum, dolor sit amet consectetur adipisicing elit
        </Paragraph>
      </div>
    </GridColumn>
    <GridColumn
      all="12"
      desktop="4"
      flex={false}
      grow={false}
      key="1"
      orderAll="0"
      orderDesktop="0"
      orderMobile="0"
      orderTablet="0"
      orderWide="0"
      rightOffsetDesktop="1"
      rightOffsetTablet="1"
      rightOffsetWide="1"
      tablet="5"
      wide="4"
    >
      <div
        className="benefits-pictures__item"
      >
        <img
          alt=""
          className="benefits-pictures__img benefits-pictures__img_h-align_center"
          src="test-file-stub"
        />
        <Header
          as="h3"
          className="benefits-pictures__title"
          color="black"
          hAlign="center"
        >
          Lorem ipsum
        </Header>
        <Paragraph
          align="center"
        >
          Lorem ipsum, dolor sit amet consectetur adipisicing elit. Lorem ipsum, dolor sit amet consectetur adipisicing elit
        </Paragraph>
      </div>
    </GridColumn>
    <GridColumn
      all="12"
      desktop="4"
      flex={false}
      grow={false}
      key="2"
      leftOffsetDesktop="1"
      leftOffsetTablet="1"
      leftOffsetWide="1"
      orderAll="0"
      orderDesktop="0"
      orderMobile="0"
      orderTablet="0"
      orderWide="0"
      tablet="5"
      wide="4"
    >
      <div
        className="benefits-pictures__item"
      >
        <img
          alt=""
          className="benefits-pictures__img benefits-pictures__img_h-align_center"
          src="test-file-stub"
        />
        <Header
          as="h3"
          className="benefits-pictures__title"
          color="black"
          hAlign="center"
        >
          Lorem ipsum
        </Header>
        <Paragraph
          align="center"
        >
          Lorem ipsum, dolor sit amet consectetur adipisicing elit. Lorem ipsum, dolor sit amet consectetur adipisicing elit
        </Paragraph>
      </div>
    </GridColumn>
    <GridColumn
      all="12"
      desktop="4"
      flex={false}
      grow={false}
      key="3"
      orderAll="0"
      orderDesktop="0"
      orderMobile="0"
      orderTablet="0"
      orderWide="0"
      rightOffsetDesktop="1"
      rightOffsetTablet="1"
      rightOffsetWide="1"
      tablet="5"
      wide="4"
    >
      <div
        className="benefits-pictures__item"
      >
        <img
          alt=""
          className="benefits-pictures__img benefits-pictures__img_h-align_center"
          src="test-file-stub"
        />
        <Header
          as="h3"
          className="benefits-pictures__title"
          color="black"
          hAlign="center"
        >
          Lorem ipsum
        </Header>
        <Paragraph
          align="center"
        >
          Lorem ipsum, dolor sit amet consectetur adipisicing elit. Lorem ipsum, dolor sit amet consectetur adipisicing elit
        </Paragraph>
      </div>
    </GridColumn>
  </Grid>
</div>
`;

exports[`<BenefitsPictures /> render with medium grid gap 1`] = `
<div
  className="benefits-pictures"
>
  <Grid
    guttersLeft="medium"
    hAlign="left"
    multiRow={true}
  >
    <GridColumn
      all="12"
      desktop="4"
      flex={false}
      grow={false}
      key="0"
      orderAll="0"
      orderDesktop="0"
      orderMobile="0"
      orderTablet="0"
      orderWide="0"
      tablet="5"
      wide="4"
    >
      <div
        className="benefits-pictures__item"
      >
        <img
          alt=""
          className="benefits-pictures__img benefits-pictures__img_h-align_left"
          src="test-file-stub"
        />
        <Header
          as="h3"
          className="benefits-pictures__title"
          color="black"
          hAlign="left"
        >
          Lorem ipsum
        </Header>
        <Paragraph
          align="left"
        >
          Lorem ipsum, dolor sit amet consectetur adipisicing elit. Lorem ipsum, dolor sit amet consectetur adipisicing elit
        </Paragraph>
      </div>
    </GridColumn>
    <GridColumn
      all="12"
      desktop="4"
      flex={false}
      grow={false}
      key="1"
      leftOffsetDesktop="1"
      leftOffsetTablet="1"
      leftOffsetWide="1"
      orderAll="0"
      orderDesktop="0"
      orderMobile="0"
      orderTablet="0"
      orderWide="0"
      tablet="5"
      wide="4"
    >
      <div
        className="benefits-pictures__item"
      >
        <img
          alt=""
          className="benefits-pictures__img benefits-pictures__img_h-align_left"
          src="test-file-stub"
        />
        <Header
          as="h3"
          className="benefits-pictures__title"
          color="black"
          hAlign="left"
        >
          Lorem ipsum
        </Header>
        <Paragraph
          align="left"
        >
          Lorem ipsum, dolor sit amet consectetur adipisicing elit. Lorem ipsum, dolor sit amet consectetur adipisicing elit
        </Paragraph>
      </div>
    </GridColumn>
  </Grid>
</div>
`;

exports[`<BenefitsPictures /> render with medium grid gap 2`] = `
<div
  className="benefits-pictures"
>
  <Grid
    guttersLeft="medium"
    hAlign="left"
    multiRow={true}
  >
    <GridColumn
      all="12"
      desktop="4"
      flex={false}
      grow={false}
      key="0"
      orderAll="0"
      orderDesktop="0"
      orderMobile="0"
      orderTablet="0"
      orderWide="0"
      tablet="5"
      wide="4"
    >
      <div
        className="benefits-pictures__item"
      >
        <img
          alt=""
          className="benefits-pictures__img benefits-pictures__img_h-align_left"
          src="test-file-stub"
        />
        <Header
          as="h3"
          className="benefits-pictures__title"
          color="black"
          hAlign="left"
        >
          Lorem ipsum
        </Header>
        <Paragraph
          align="left"
        >
          Lorem ipsum, dolor sit amet consectetur adipisicing elit. Lorem ipsum, dolor sit amet consectetur adipisicing elit
        </Paragraph>
      </div>
    </GridColumn>
    <GridColumn
      all="12"
      desktop="4"
      flex={false}
      grow={false}
      key="1"
      leftOffsetTablet="1"
      orderAll="0"
      orderDesktop="0"
      orderMobile="0"
      orderTablet="0"
      orderWide="0"
      tablet="5"
      wide="4"
    >
      <div
        className="benefits-pictures__item"
      >
        <img
          alt=""
          className="benefits-pictures__img benefits-pictures__img_h-align_left"
          src="test-file-stub"
        />
        <Header
          as="h3"
          className="benefits-pictures__title"
          color="black"
          hAlign="left"
        >
          Lorem ipsum
        </Header>
        <Paragraph
          align="left"
        >
          Lorem ipsum, dolor sit amet consectetur adipisicing elit. Lorem ipsum, dolor sit amet consectetur adipisicing elit
        </Paragraph>
      </div>
    </GridColumn>
    <GridColumn
      all="12"
      desktop="4"
      flex={false}
      grow={false}
      key="2"
      orderAll="0"
      orderDesktop="0"
      orderMobile="0"
      orderTablet="0"
      orderWide="0"
      tablet="5"
      wide="4"
    >
      <div
        className="benefits-pictures__item"
      >
        <img
          alt=""
          className="benefits-pictures__img benefits-pictures__img_h-align_left"
          src="test-file-stub"
        />
        <Header
          as="h3"
          className="benefits-pictures__title"
          color="black"
          hAlign="left"
        >
          Lorem ipsum
        </Header>
        <Paragraph
          align="left"
        >
          Lorem ipsum, dolor sit amet consectetur adipisicing elit. Lorem ipsum, dolor sit amet consectetur adipisicing elit
        </Paragraph>
      </div>
    </GridColumn>
  </Grid>
</div>
`;

exports[`<BenefitsPictures /> render with medium grid gap 3`] = `
<div
  className="benefits-pictures"
>
  <Grid
    guttersLeft="medium"
    hAlign="left"
    multiRow={true}
  >
    <GridColumn
      all="12"
      desktop="4"
      flex={false}
      grow={false}
      key="0"
      orderAll="0"
      orderDesktop="0"
      orderMobile="0"
      orderTablet="0"
      orderWide="0"
      tablet="5"
      wide="4"
    >
      <div
        className="benefits-pictures__item"
      >
        <img
          alt=""
          className="benefits-pictures__img benefits-pictures__img_h-align_left"
          src="test-file-stub"
        />
        <Header
          as="h3"
          className="benefits-pictures__title"
          color="black"
          hAlign="left"
        >
          Lorem ipsum
        </Header>
        <Paragraph
          align="left"
        >
          Lorem ipsum, dolor sit amet consectetur adipisicing elit. Lorem ipsum, dolor sit amet consectetur adipisicing elit
        </Paragraph>
      </div>
    </GridColumn>
    <GridColumn
      all="12"
      desktop="4"
      flex={false}
      grow={false}
      key="1"
      leftOffsetDesktop="1"
      leftOffsetTablet="1"
      leftOffsetWide="1"
      orderAll="0"
      orderDesktop="0"
      orderMobile="0"
      orderTablet="0"
      orderWide="0"
      tablet="5"
      wide="4"
    >
      <div
        className="benefits-pictures__item"
      >
        <img
          alt=""
          className="benefits-pictures__img benefits-pictures__img_h-align_left"
          src="test-file-stub"
        />
        <Header
          as="h3"
          className="benefits-pictures__title"
          color="black"
          hAlign="left"
        >
          Lorem ipsum
        </Header>
        <Paragraph
          align="left"
        >
          Lorem ipsum, dolor sit amet consectetur adipisicing elit. Lorem ipsum, dolor sit amet consectetur adipisicing elit
        </Paragraph>
      </div>
    </GridColumn>
    <GridColumn
      all="12"
      desktop="4"
      flex={false}
      grow={false}
      key="2"
      orderAll="0"
      orderDesktop="0"
      orderMobile="0"
      orderTablet="0"
      orderWide="0"
      tablet="5"
      wide="4"
    >
      <div
        className="benefits-pictures__item"
      >
        <img
          alt=""
          className="benefits-pictures__img benefits-pictures__img_h-align_left"
          src="test-file-stub"
        />
        <Header
          as="h3"
          className="benefits-pictures__title"
          color="black"
          hAlign="left"
        >
          Lorem ipsum
        </Header>
        <Paragraph
          align="left"
        >
          Lorem ipsum, dolor sit amet consectetur adipisicing elit. Lorem ipsum, dolor sit amet consectetur adipisicing elit
        </Paragraph>
      </div>
    </GridColumn>
    <GridColumn
      all="12"
      desktop="4"
      flex={false}
      grow={false}
      key="3"
      leftOffsetDesktop="1"
      leftOffsetTablet="1"
      leftOffsetWide="1"
      orderAll="0"
      orderDesktop="0"
      orderMobile="0"
      orderTablet="0"
      orderWide="0"
      tablet="5"
      wide="4"
    >
      <div
        className="benefits-pictures__item"
      >
        <img
          alt=""
          className="benefits-pictures__img benefits-pictures__img_h-align_left"
          src="test-file-stub"
        />
        <Header
          as="h3"
          className="benefits-pictures__title"
          color="black"
          hAlign="left"
        >
          Lorem ipsum
        </Header>
        <Paragraph
          align="left"
        >
          Lorem ipsum, dolor sit amet consectetur adipisicing elit. Lorem ipsum, dolor sit amet consectetur adipisicing elit
        </Paragraph>
      </div>
    </GridColumn>
  </Grid>
</div>
`;

exports[`<BenefitsPictures /> renders BenefitsPictures 1`] = `
<div
  className="benefits-pictures"
>
  <Grid
    guttersLeft="large"
    hAlign="left"
    multiRow={true}
  >
    <GridColumn
      all="12"
      desktop="4"
      flex={false}
      grow={false}
      key="0"
      orderAll="0"
      orderDesktop="0"
      orderMobile="0"
      orderTablet="0"
      orderWide="0"
      tablet="5"
      wide="4"
    >
      <div
        className="benefits-pictures__item"
      >
        <img
          alt=""
          className="benefits-pictures__img benefits-pictures__img_h-align_left"
          src="test-file-stub"
        />
        <Header
          as="h3"
          className="benefits-pictures__title"
          color="black"
          hAlign="left"
        >
          Lorem ipsum
        </Header>
        <Paragraph
          align="left"
        >
          Lorem ipsum, dolor sit amet consectetur adipisicing elit. Lorem ipsum, dolor sit amet consectetur adipisicing elit
        </Paragraph>
      </div>
    </GridColumn>
    <GridColumn
      all="12"
      desktop="4"
      flex={false}
      grow={false}
      key="1"
      leftOffsetDesktop="1"
      leftOffsetTablet="1"
      leftOffsetWide="1"
      orderAll="0"
      orderDesktop="0"
      orderMobile="0"
      orderTablet="0"
      orderWide="0"
      tablet="5"
      wide="4"
    >
      <div
        className="benefits-pictures__item"
      >
        <img
          alt=""
          className="benefits-pictures__img benefits-pictures__img_h-align_left"
          src="test-file-stub"
        />
        <Header
          as="h3"
          className="benefits-pictures__title"
          color="black"
          hAlign="left"
        >
          Lorem ipsum
        </Header>
        <Paragraph
          align="left"
        >
          Lorem ipsum, dolor sit amet consectetur adipisicing elit. Lorem ipsum, dolor sit amet consectetur adipisicing elit
        </Paragraph>
      </div>
    </GridColumn>
  </Grid>
</div>
`;
