// Jest Snapshot v1, https://goo.gl/fbAQLP

exports[`Logo renders with default props 1`] = `
<Link
  className="logo logo_view_horizontal"
  href="/"
  target="_blank"
>
  <div
    className="logo__img"
  >
    <test-file-stub
      className="logo__svg"
    />
  </div>
</Link>
`;
